// Jest Snapshot v1, https://goo.gl/fbAQLP

exports[`Stages component creates cards based on context data 1`] = `
<div
  className="stages"
>
  <div
    className="column"
  >
    <div
      className="column-header"
    >
      <span
        className="count"
        style={
          Object {
            "backgroundColor": "#D8D8D8",
          }
        }
      >
        2
      </span>
      <span
        className="title"
      >
        column-1
      </span>
    </div>
    <div
      className="column-body"
    >
      <div
        className="card"
      >
        <div
          className="item-cont"
        >
          <button
            className="item"
            onClick={[Function]}
          >
            <img
              alt="Move to new column"
              src="filter-list.svg"
            />
          </button>
        </div>
        <span
          className="card-title"
        >
          Flow Meter Measurement Errors
        </span>
        <p
          className="description"
        >
          https://blog.gesrepair.com/
        </p>
        <div
          className="tag"
        >
          <img
            alt="category"
            src="category.svg"
          />
          <span
            className="tag-value"
          >
            Blog Post
          </span>
        </div>
        <div
          className="tag date"
        >
          <img
            alt="calendar_today"
            src="calendar.svg"
          />
          <span
            className="tag-value"
          >
            09/15/2019
          </span>
        </div>
      </div>
      <div
        className="card"
      >
        <div
          className="item-cont"
        >
          <button
            className="item"
            onClick={[Function]}
          >
            <img
              alt="Move to new column"
              src="filter-list.svg"
            />
          </button>
        </div>
        <span
          className="card-title"
        >
          Flow Meter Measurement Errors 2
        </span>
        <p
          className="description"
        >
          https://blog.gesrepair.com/
        </p>
        <div
          className="tag"
        >
          <img
            alt="category"
            src="category.svg"
          />
          <span
            className="tag-value"
          >
            Blog Post
          </span>
        </div>
        <div
          className="tag date"
        >
          <img
            alt="calendar_today"
            src="calendar.svg"
          />
          <span
            className="tag-value"
          >
            09/15/2019
          </span>
        </div>
      </div>
      <div
        className="add-new-card"
      >
        <form
          onSubmit={[Function]}
        >
          <input
            onChange={[Function]}
            placeholder="Add a new card...hit enter when done"
            type="text"
            value=""
          />
        </form>
      </div>
    </div>
  </div>
  <div
    className="column"
  >
    <div
      className="column-header"
    >
      <span
        className="count"
        style={
          Object {
            "backgroundColor": "#FBEDCE",
          }
        }
      >
        2
      </span>
      <span
        className="title"
      >
        column-2
      </span>
    </div>
    <div
      className="column-body"
    >
      <div
        className="card"
      >
        <div
          className="item-cont"
        >
          <button
            className="item"
            onClick={[Function]}
          >
            <img
              alt="Move to new column"
              src="filter-list.svg"
            />
          </button>
        </div>
        <span
          className="card-title"
        >
          Flow Meter Measurement Errors 3
        </span>
        <p
          className="description"
        >
          https://blog.gesrepair.com/
        </p>
        <div
          className="tag"
        >
          <img
            alt="category"
            src="category.svg"
          />
          <span
            className="tag-value"
          >
            Blog Post
          </span>
        </div>
        <div
          className="tag date"
        >
          <img
            alt="calendar_today"
            src="calendar.svg"
          />
          <span
            className="tag-value"
          >
            09/15/2019
          </span>
        </div>
      </div>
      <div
        className="card"
      >
        <div
          className="item-cont"
        >
          <button
            className="item"
            onClick={[Function]}
          >
            <img
              alt="Move to new column"
              src="filter-list.svg"
            />
          </button>
        </div>
        <span
          className="card-title"
        >
          Flow Meter Measurement Errors 4
        </span>
        <p
          className="description"
        >
          https://blog.gesrepair.com/
        </p>
        <div
          className="tag"
        >
          <img
            alt="category"
            src="category.svg"
          />
          <span
            className="tag-value"
          >
            Blog Post
          </span>
        </div>
        <div
          className="tag date"
        >
          <img
            alt="calendar_today"
            src="calendar.svg"
          />
          <span
            className="tag-value"
          >
            09/15/2019
          </span>
        </div>
      </div>
      <div
        className="add-new-card"
      >
        <form
          onSubmit={[Function]}
        >
          <input
            onChange={[Function]}
            placeholder="Add a new card...hit enter when done"
            type="text"
            value=""
          />
        </form>
      </div>
    </div>
  </div>
  <div
    className="column"
  >
    <div
      className="column-header"
    >
      <span
        className="count"
        style={
          Object {
            "backgroundColor": "#90eebf",
          }
        }
      >
        3
      </span>
      <span
        className="title"
      >
        column-3
      </span>
    </div>
    <div
      className="column-body"
    >
      <div
        className="card"
      >
        <div
          className="item-cont"
        >
          <button
            className="item"
            onClick={[Function]}
          >
            <img
              alt="Move to new column"
              src="filter-list.svg"
            />
          </button>
        </div>
        <span
          className="card-title"
        >
          Flow Meter Measurement Errors 5
        </span>
        <p
          className="description"
        >
          https://blog.gesrepair.com/
        </p>
        <div
          className="tag"
        >
          <img
            alt="category"
            src="category.svg"
          />
          <span
            className="tag-value"
          >
            Blog Post
          </span>
        </div>
        <div
          className="tag date"
        >
          <img
            alt="calendar_today"
            src="calendar.svg"
          />
          <span
            className="tag-value"
          >
            09/15/2019
          </span>
        </div>
      </div>
      <div
        className="card"
      >
        <div
          className="item-cont"
        >
          <button
            className="item"
            onClick={[Function]}
          >
            <img
              alt="Move to new column"
              src="filter-list.svg"
            />
          </button>
        </div>
        <span
          className="card-title"
        >
          Flow Meter Measurement Errors 6
        </span>
        <p
          className="description"
        >
          https://blog.gesrepair.com/
        </p>
        <div
          className="tag"
        >
          <img
            alt="category"
            src="category.svg"
          />
          <span
            className="tag-value"
          >
            Blog Post
          </span>
        </div>
        <div
          className="tag date"
        >
          <img
            alt="calendar_today"
            src="calendar.svg"
          />
          <span
            className="tag-value"
          >
            09/15/2019
          </span>
        </div>
      </div>
      <div
        className="card"
      >
        <div
          className="item-cont"
        >
          <button
            className="item"
            onClick={[Function]}
          >
            <img
              alt="Move to new column"
              src="filter-list.svg"
            />
          </button>
        </div>
        <span
          className="card-title"
        >
          Flow Meter Measurement Errors 7
        </span>
        <p
          className="description"
        >
          https://blog.gesrepair.com/
        </p>
        <div
          className="tag"
        >
          <img
            alt="category"
            src="category.svg"
          />
          <span
            className="tag-value"
          >
            Blog Post
          </span>
        </div>
        <div
          className="tag date"
        >
          <img
            alt="calendar_today"
            src="calendar.svg"
          />
          <span
            className="tag-value"
          >
            09/15/2019
          </span>
        </div>
      </div>
      <div
        className="add-new-card"
      >
        <form
          onSubmit={[Function]}
        >
          <input
            onChange={[Function]}
            placeholder="Add a new card...hit enter when done"
            type="text"
            value=""
          />
        </form>
      </div>
    </div>
  </div>
  <div
    className="column"
  >
    <div
      className="add-new-list"
    >
      <form
        onSubmit={[Function]}
      >
        <input
          onChange={[Function]}
          placeholder="Add a new list...hit enter when done"
          type="text"
          value=""
        />
      </form>
    </div>
  </div>
</div>
`;
